17:49:06 **** Auto Build of configuration Debug for project hdmi-config ****
make all 
Building file: ../src/tda1997x.c
Invoking: ARM v7 Linux gcc compiler
arm-linux-gnueabihf-gcc -DRAM_DAT=volatile -DCONST_DAT=const -DTMFL_OS_LINUX_USER -Wall -O0 -g3 -c -fmessage-length=0 -MT"src/tda1997x.o" -MMD -MP -MF"src/tda1997x.d" -MT"src/tda1997x.o" -o "src/tda1997x.o" "../src/tda1997x.c"
../src/tda1997x.c:161:16: warning: ‘blank_yuv’ defined but not used [-Wunused-variable]
 static uint8_t blank_yuv[6] = {
                ^~~~~~~~~
../src/tda1997x.c:127:16: warning: ‘vp_conf422’ defined but not used [-Wunused-variable]
 static uint8_t vp_conf422[9] = {
                ^~~~~~~~~~
Finished building: ../src/tda1997x.c
 
Building target: hdmi-config.elf
Invoking: ARM v7 Linux gcc linker
arm-linux-gnueabihf-gcc  -o "hdmi-config.elf"  ./src/audio.o ./src/hdmi_rx.o ./src/i2c.o ./src/is31fl373x.o ./src/led_display.o ./src/main.o ./src/spi.o ./src/tda1997x.o ./src/tda998x.o ./src/tlv320aic3104.o ./src/video_sources.o   
Finished building target: hdmi-config.elf
 
Invoking: ARM v7 Linux Print Size
arm-linux-gnueabihf-size hdmi-config.elf  |tee "hdmi-config.elf.size"
   text	   data	    bss	    dec	    hex	filename
  24992	   1568	    168	  26728	   6868	hdmi-config.elf
Finished building: hdmi-config.elf.size
 

17:49:07 Build Finished (took 532ms)

