20:24:44 **** Build of configuration Debug for project hw_tester_linux ****
make all 
'Building file: ../src/audio.c'
'Invoking: ARM v7 Linux gcc compiler'
arm-linux-gnueabihf-gcc -DTMFL_OS_LINUX_USER -DCONST_DAT=const -DRAM_DAT=volatile -DDEBUG_INFO -DTMFL_NO_RTOS -DTMFL_CEC_AVAILABLE -DTMFL_TDA19989 -Wall -O0 -g3 -c -fmessage-length=0 -MT"src/audio.o" -MMD -MP -MF"src/audio.d" -MT"src/audio.o" -o "src/audio.o" "../src/audio.c"
'Finished building: ../src/audio.c'
' '
'Building file: ../src/gs2971.c'
'Invoking: ARM v7 Linux gcc compiler'
arm-linux-gnueabihf-gcc -DTMFL_OS_LINUX_USER -DCONST_DAT=const -DRAM_DAT=volatile -DDEBUG_INFO -DTMFL_NO_RTOS -DTMFL_CEC_AVAILABLE -DTMFL_TDA19989 -Wall -O0 -g3 -c -fmessage-length=0 -MT"src/gs2971.o" -MMD -MP -MF"src/gs2971.d" -MT"src/gs2971.o" -o "src/gs2971.o" "../src/gs2971.c"
'Finished building: ../src/gs2971.c'
' '
'Building file: ../src/hdmi_rx.c'
'Invoking: ARM v7 Linux gcc compiler'
arm-linux-gnueabihf-gcc -DTMFL_OS_LINUX_USER -DCONST_DAT=const -DRAM_DAT=volatile -DDEBUG_INFO -DTMFL_NO_RTOS -DTMFL_CEC_AVAILABLE -DTMFL_TDA19989 -Wall -O0 -g3 -c -fmessage-length=0 -MT"src/hdmi_rx.o" -MMD -MP -MF"src/hdmi_rx.d" -MT"src/hdmi_rx.o" -o "src/hdmi_rx.o" "../src/hdmi_rx.c"
'Finished building: ../src/hdmi_rx.c'
' '
'Building file: ../src/i2c.c'
'Invoking: ARM v7 Linux gcc compiler'
arm-linux-gnueabihf-gcc -DTMFL_OS_LINUX_USER -DCONST_DAT=const -DRAM_DAT=volatile -DDEBUG_INFO -DTMFL_NO_RTOS -DTMFL_CEC_AVAILABLE -DTMFL_TDA19989 -Wall -O0 -g3 -c -fmessage-length=0 -MT"src/i2c.o" -MMD -MP -MF"src/i2c.d" -MT"src/i2c.o" -o "src/i2c.o" "../src/i2c.c"
../src/i2c.c: In function 'i2c_read_block':
../src/i2c.c:145:23: warning: unused variable 'bus_data' [-Wunused-variable]
  union i2c_smbus_data bus_data;
                       ^~~~~~~~
../src/i2c.c:144:6: warning: unused variable 'i' [-Wunused-variable]
  int i, fd, err;
      ^
'Finished building: ../src/i2c.c'
' '
'Building file: ../src/is31fl373x.c'
'Invoking: ARM v7 Linux gcc compiler'
arm-linux-gnueabihf-gcc -DTMFL_OS_LINUX_USER -DCONST_DAT=const -DRAM_DAT=volatile -DDEBUG_INFO -DTMFL_NO_RTOS -DTMFL_CEC_AVAILABLE -DTMFL_TDA19989 -Wall -O0 -g3 -c -fmessage-length=0 -MT"src/is31fl373x.o" -MMD -MP -MF"src/is31fl373x.d" -MT"src/is31fl373x.o" -o "src/is31fl373x.o" "../src/is31fl373x.c"
'Finished building: ../src/is31fl373x.c'
' '
'Building file: ../src/led_display.c'
'Invoking: ARM v7 Linux gcc compiler'
arm-linux-gnueabihf-gcc -DTMFL_OS_LINUX_USER -DCONST_DAT=const -DRAM_DAT=volatile -DDEBUG_INFO -DTMFL_NO_RTOS -DTMFL_CEC_AVAILABLE -DTMFL_TDA19989 -Wall -O0 -g3 -c -fmessage-length=0 -MT"src/led_display.o" -MMD -MP -MF"src/led_display.d" -MT"src/led_display.o" -o "src/led_display.o" "../src/led_display.c"
'Finished building: ../src/led_display.c'
' '
'Building file: ../src/main.c'
'Invoking: ARM v7 Linux gcc compiler'
arm-linux-gnueabihf-gcc -DTMFL_OS_LINUX_USER -DCONST_DAT=const -DRAM_DAT=volatile -DDEBUG_INFO -DTMFL_NO_RTOS -DTMFL_CEC_AVAILABLE -DTMFL_TDA19989 -Wall -O0 -g3 -c -fmessage-length=0 -MT"src/main.o" -MMD -MP -MF"src/main.d" -MT"src/main.o" -o "src/main.o" "../src/main.c"
'Finished building: ../src/main.c'
' '
'Building file: ../src/sdi_rx.c'
'Invoking: ARM v7 Linux gcc compiler'
arm-linux-gnueabihf-gcc -DTMFL_OS_LINUX_USER -DCONST_DAT=const -DRAM_DAT=volatile -DDEBUG_INFO -DTMFL_NO_RTOS -DTMFL_CEC_AVAILABLE -DTMFL_TDA19989 -Wall -O0 -g3 -c -fmessage-length=0 -MT"src/sdi_rx.o" -MMD -MP -MF"src/sdi_rx.d" -MT"src/sdi_rx.o" -o "src/sdi_rx.o" "../src/sdi_rx.c"
'Finished building: ../src/sdi_rx.c'
' '
'Building file: ../src/spi.c'
'Invoking: ARM v7 Linux gcc compiler'
arm-linux-gnueabihf-gcc -DTMFL_OS_LINUX_USER -DCONST_DAT=const -DRAM_DAT=volatile -DDEBUG_INFO -DTMFL_NO_RTOS -DTMFL_CEC_AVAILABLE -DTMFL_TDA19989 -Wall -O0 -g3 -c -fmessage-length=0 -MT"src/spi.o" -MMD -MP -MF"src/spi.d" -MT"src/spi.o" -o "src/spi.o" "../src/spi.c"
'Finished building: ../src/spi.c'
' '
'Building file: ../src/stream_ctrl.c'
'Invoking: ARM v7 Linux gcc compiler'
arm-linux-gnueabihf-gcc -DTMFL_OS_LINUX_USER -DCONST_DAT=const -DRAM_DAT=volatile -DDEBUG_INFO -DTMFL_NO_RTOS -DTMFL_CEC_AVAILABLE -DTMFL_TDA19989 -Wall -O0 -g3 -c -fmessage-length=0 -MT"src/stream_ctrl.o" -MMD -MP -MF"src/stream_ctrl.d" -MT"src/stream_ctrl.o" -o "src/stream_ctrl.o" "../src/stream_ctrl.c"
'Finished building: ../src/stream_ctrl.c'
' '
'Building file: ../src/tda1997x.c'
'Invoking: ARM v7 Linux gcc compiler'
arm-linux-gnueabihf-gcc -DTMFL_OS_LINUX_USER -DCONST_DAT=const -DRAM_DAT=volatile -DDEBUG_INFO -DTMFL_NO_RTOS -DTMFL_CEC_AVAILABLE -DTMFL_TDA19989 -Wall -O0 -g3 -c -fmessage-length=0 -MT"src/tda1997x.o" -MMD -MP -MF"src/tda1997x.d" -MT"src/tda1997x.o" -o "src/tda1997x.o" "../src/tda1997x.c"
../src/tda1997x.c:114:16: warning: 'vp_conf444' defined but not used [-Wunused-variable]
 static uint8_t vp_conf444[9] = {
                ^~~~~~~~~~
'Finished building: ../src/tda1997x.c'
' '
'Building file: ../src/tda998x.c'
'Invoking: ARM v7 Linux gcc compiler'
arm-linux-gnueabihf-gcc -DTMFL_OS_LINUX_USER -DCONST_DAT=const -DRAM_DAT=volatile -DDEBUG_INFO -DTMFL_NO_RTOS -DTMFL_CEC_AVAILABLE -DTMFL_TDA19989 -Wall -O0 -g3 -c -fmessage-length=0 -MT"src/tda998x.o" -MMD -MP -MF"src/tda998x.d" -MT"src/tda998x.o" -o "src/tda998x.o" "../src/tda998x.c"
'Finished building: ../src/tda998x.c'
' '
'Building file: ../src/tlv320aic3104.c'
'Invoking: ARM v7 Linux gcc compiler'
arm-linux-gnueabihf-gcc -DTMFL_OS_LINUX_USER -DCONST_DAT=const -DRAM_DAT=volatile -DDEBUG_INFO -DTMFL_NO_RTOS -DTMFL_CEC_AVAILABLE -DTMFL_TDA19989 -Wall -O0 -g3 -c -fmessage-length=0 -MT"src/tlv320aic3104.o" -MMD -MP -MF"src/tlv320aic3104.d" -MT"src/tlv320aic3104.o" -o "src/tlv320aic3104.o" "../src/tlv320aic3104.c"
'Finished building: ../src/tlv320aic3104.c'
' '
'Building file: ../src/tmbslTDA9989_Edid.c'
'Invoking: ARM v7 Linux gcc compiler'
arm-linux-gnueabihf-gcc -DTMFL_OS_LINUX_USER -DCONST_DAT=const -DRAM_DAT=volatile -DDEBUG_INFO -DTMFL_NO_RTOS -DTMFL_CEC_AVAILABLE -DTMFL_TDA19989 -Wall -O0 -g3 -c -fmessage-length=0 -MT"src/tmbslTDA9989_Edid.o" -MMD -MP -MF"src/tmbslTDA9989_Edid.d" -MT"src/tmbslTDA9989_Edid.o" -o "src/tmbslTDA9989_Edid.o" "../src/tmbslTDA9989_Edid.c"
'Finished building: ../src/tmbslTDA9989_Edid.c'
' '
'Building file: ../src/tmbslTDA9989_HDCP.c'
'Invoking: ARM v7 Linux gcc compiler'
arm-linux-gnueabihf-gcc -DTMFL_OS_LINUX_USER -DCONST_DAT=const -DRAM_DAT=volatile -DDEBUG_INFO -DTMFL_NO_RTOS -DTMFL_CEC_AVAILABLE -DTMFL_TDA19989 -Wall -O0 -g3 -c -fmessage-length=0 -MT"src/tmbslTDA9989_HDCP.o" -MMD -MP -MF"src/tmbslTDA9989_HDCP.d" -MT"src/tmbslTDA9989_HDCP.o" -o "src/tmbslTDA9989_HDCP.o" "../src/tmbslTDA9989_HDCP.c"
'Finished building: ../src/tmbslTDA9989_HDCP.c'
' '
'Building file: ../src/tmbslTDA9989_InOut.c'
'Invoking: ARM v7 Linux gcc compiler'
arm-linux-gnueabihf-gcc -DTMFL_OS_LINUX_USER -DCONST_DAT=const -DRAM_DAT=volatile -DDEBUG_INFO -DTMFL_NO_RTOS -DTMFL_CEC_AVAILABLE -DTMFL_TDA19989 -Wall -O0 -g3 -c -fmessage-length=0 -MT"src/tmbslTDA9989_InOut.o" -MMD -MP -MF"src/tmbslTDA9989_InOut.d" -MT"src/tmbslTDA9989_InOut.o" -o "src/tmbslTDA9989_InOut.o" "../src/tmbslTDA9989_InOut.c"
../src/tmbslTDA9989_InOut.c: In function 'tmbslTDA9989VideoSetInOut':
../src/tmbslTDA9989_InOut.c:3320:50: warning: passing argument 3 of 'getHwRegister' discards 'volatile' qualifier from pointer target type [-Wdiscarded-qualifiers]
     getHwRegister(pDis, E_REG_P00_MAT_CONTRL_W,  &gMatContrl[txUnit]);
                                                  ^
In file included from ../src/tmbslTDA9989_InOut.c:26:0:
../src/tmbslTDA9989_local.h:2017:18: note: expected 'UInt8 * {aka unsigned char *}' but argument is of type 'volatile UInt8 * {aka volatile unsigned char *}'
 tmErrorCode_t    getHwRegister (tmHdmiTxobject_t *pDis,
                  ^~~~~~~~~~~~~
../src/tmbslTDA9989_InOut.c:3321:50: warning: passing argument 3 of 'getHwRegister' discards 'volatile' qualifier from pointer target type [-Wdiscarded-qualifiers]
     getHwRegister(pDis, E_REG_P00_HVF_CNTRL_0_W, &gHvfCntrl0[txUnit]);
                                                  ^
In file included from ../src/tmbslTDA9989_InOut.c:26:0:
../src/tmbslTDA9989_local.h:2017:18: note: expected 'UInt8 * {aka unsigned char *}' but argument is of type 'volatile UInt8 * {aka volatile unsigned char *}'
 tmErrorCode_t    getHwRegister (tmHdmiTxobject_t *pDis,
                  ^~~~~~~~~~~~~
../src/tmbslTDA9989_InOut.c:3322:50: warning: passing argument 3 of 'getHwRegister' discards 'volatile' qualifier from pointer target type [-Wdiscarded-qualifiers]
     getHwRegister(pDis, E_REG_P00_HVF_CNTRL_1_W, &gHvfCntrl1[txUnit]);
                                                  ^
In file included from ../src/tmbslTDA9989_InOut.c:26:0:
../src/tmbslTDA9989_local.h:2017:18: note: expected 'UInt8 * {aka unsigned char *}' but argument is of type 'volatile UInt8 * {aka volatile unsigned char *}'
 tmErrorCode_t    getHwRegister (tmHdmiTxobject_t *pDis,
                  ^~~~~~~~~~~~~
'Finished building: ../src/tmbslTDA9989_InOut.c'
' '
'Building file: ../src/tmbslTDA9989_Misc.c'
'Invoking: ARM v7 Linux gcc compiler'
arm-linux-gnueabihf-gcc -DTMFL_OS_LINUX_USER -DCONST_DAT=const -DRAM_DAT=volatile -DDEBUG_INFO -DTMFL_NO_RTOS -DTMFL_CEC_AVAILABLE -DTMFL_TDA19989 -Wall -O0 -g3 -c -fmessage-length=0 -MT"src/tmbslTDA9989_Misc.o" -MMD -MP -MF"src/tmbslTDA9989_Misc.d" -MT"src/tmbslTDA9989_Misc.o" -o "src/tmbslTDA9989_Misc.o" "../src/tmbslTDA9989_Misc.c"
../src/tmbslTDA9989_Misc.c: In function 'tmbslTDA9989HwHandleInterrupt':
../src/tmbslTDA9989_Misc.c:848:26: warning: comparison between 'tmbslHdmiTxPowerState_t {aka enum <anonymous>}' and 'enum tmPowerState' [-Wenum-compare]
     if(pDis->ePowerState == tmPowerOn)
                          ^~
../src/tmbslTDA9989_Misc.c:985:38: warning: comparison between 'tmbslHdmiTxPowerState_t {aka enum <anonymous>}' and 'enum tmPowerState' [-Wenum-compare]
                 if(pDis->ePowerState == tmPowerOn)
                                      ^~
../src/tmbslTDA9989_Misc.c:696:10: warning: variable 'hpdOrRxsLevelHasChanged' set but not used [-Wunused-but-set-variable]
     Bool hpdOrRxsLevelHasChanged = False;
          ^~~~~~~~~~~~~~~~~~~~~~~
../src/tmbslTDA9989_Misc.c: In function 'tmbslTDA9989HwStartup':
../src/tmbslTDA9989_Misc.c:1282:13: warning: passing argument 1 of 'lmemset' discards 'volatile' qualifier from pointer target type [-Wdiscarded-array-qualifiers]
     lmemset(&gHdmiTxInstance, 0, sizeof(gHdmiTxInstance));
             ^
In file included from ../src/tmbslTDA9989_Misc.c:23:0:
../src/tmbslTDA9989_local.h:2044:18: note: expected 'void *' but argument is of type 'volatile tmHdmiTxobject_t (*)[2] {aka volatile struct _tmHdmiTxobject_t (*)[2]}'
 tmErrorCode_t    lmemset (void *pTable1,
                  ^~~~~~~
../src/tmbslTDA9989_Misc.c: In function 'tmbslTDA9989Init':
../src/tmbslTDA9989_Misc.c:1316:10: warning: assignment discards 'volatile' qualifier from pointer target type [-Wdiscarded-qualifiers]
     pDis = &gHdmiTxInstance[txUnit];
          ^
../src/tmbslTDA9989_Misc.c: In function 'tmbslTDA9989PowerSetState':
../src/tmbslTDA9989_Misc.c:1660:61: warning: comparison between 'tmbslHdmiTxPowerState_t {aka enum <anonymous>}' and 'enum tmPowerState' [-Wenum-compare]
     if ((ePowerState == tmPowerStandby)&&(pDis->ePowerState != tmPowerStandby))
                                                             ^~
../src/tmbslTDA9989_Misc.c:1671:31: warning: comparison between 'tmbslHdmiTxPowerState_t {aka enum <anonymous>}' and 'enum tmPowerState' [-Wenum-compare]
         if (pDis->ePowerState == tmPowerOn)
                               ^~
../src/tmbslTDA9989_Misc.c:1740:66: warning: comparison between 'tmbslHdmiTxPowerState_t {aka enum <anonymous>}' and 'enum tmPowerState' [-Wenum-compare]
     else if ((ePowerState == tmPowerSuspend)&&(pDis->ePowerState != tmPowerSuspend))
                                                                  ^~
../src/tmbslTDA9989_Misc.c:1744:31: warning: comparison between 'tmbslHdmiTxPowerState_t {aka enum <anonymous>}' and 'enum tmPowerState' [-Wenum-compare]
         if (pDis->ePowerState == tmPowerOn)
                               ^~
../src/tmbslTDA9989_Misc.c:1793:30: warning: comparison between 'tmbslHdmiTxPowerState_t {aka enum <anonymous>}' and 'enum tmPowerState' [-Wenum-compare]
         if(pDis->ePowerState == tmPowerStandby)
                              ^~
../src/tmbslTDA9989_Misc.c:1821:61: warning: comparison between 'tmbslHdmiTxPowerState_t {aka enum <anonymous>}' and 'enum tmPowerState' [-Wenum-compare]
     else if ((ePowerState == tmPowerOn)&&(pDis->ePowerState != tmPowerOn))
                                                             ^~
../src/tmbslTDA9989_Misc.c:1833:30: warning: comparison between 'tmbslHdmiTxPowerState_t {aka enum <anonymous>}' and 'enum tmPowerState' [-Wenum-compare]
         if(pDis->ePowerState == tmPowerStandby)
                              ^~
'Finished building: ../src/tmbslTDA9989_Misc.c'
' '
'Building file: ../src/tmbslTDA9989_State.c'
'Invoking: ARM v7 Linux gcc compiler'
arm-linux-gnueabihf-gcc -DTMFL_OS_LINUX_USER -DCONST_DAT=const -DRAM_DAT=volatile -DDEBUG_INFO -DTMFL_NO_RTOS -DTMFL_CEC_AVAILABLE -DTMFL_TDA19989 -Wall -O0 -g3 -c -fmessage-length=0 -MT"src/tmbslTDA9989_State.o" -MMD -MP -MF"src/tmbslTDA9989_State.d" -MT"src/tmbslTDA9989_State.o" -o "src/tmbslTDA9989_State.o" "../src/tmbslTDA9989_State.c"
'Finished building: ../src/tmbslTDA9989_State.c'
' '
'Building file: ../src/tmbslTDA9989_local.c'
'Invoking: ARM v7 Linux gcc compiler'
arm-linux-gnueabihf-gcc -DTMFL_OS_LINUX_USER -DCONST_DAT=const -DRAM_DAT=volatile -DDEBUG_INFO -DTMFL_NO_RTOS -DTMFL_CEC_AVAILABLE -DTMFL_TDA19989 -Wall -O0 -g3 -c -fmessage-length=0 -MT"src/tmbslTDA9989_local.o" -MMD -MP -MF"src/tmbslTDA9989_local.d" -MT"src/tmbslTDA9989_local.o" -o "src/tmbslTDA9989_local.o" "../src/tmbslTDA9989_local.c"
../src/tmbslTDA9989_local.c: In function 'checkUnitSetDis':
../src/tmbslTDA9989_local.c:136:12: warning: assignment discards 'volatile' qualifier from pointer target type [-Wdiscarded-qualifiers]
     *ppDis = &gHdmiTxInstance[txUnit];
            ^
'Finished building: ../src/tmbslTDA9989_local.c'
' '
'Building file: ../src/tmdlHdmiCEC.c'
'Invoking: ARM v7 Linux gcc compiler'
arm-linux-gnueabihf-gcc -DTMFL_OS_LINUX_USER -DCONST_DAT=const -DRAM_DAT=volatile -DDEBUG_INFO -DTMFL_NO_RTOS -DTMFL_CEC_AVAILABLE -DTMFL_TDA19989 -Wall -O0 -g3 -c -fmessage-length=0 -MT"src/tmdlHdmiCEC.o" -MMD -MP -MF"src/tmdlHdmiCEC.d" -MT"src/tmdlHdmiCEC.o" -o "src/tmdlHdmiCEC.o" "../src/tmdlHdmiCEC.c"
../src/tmdlHdmiCEC.c: In function 'tmdlHdmiCecSetInitiatorAddress':
../src/tmdlHdmiCEC.c:853:37: warning: variable 'pDis' set but not used [-Wunused-but-set-variable]
     tmdlHdmiCecDriverConfigTable_t *pDis;           /* Pointer to Device Instance Structure */
                                     ^~~~
../src/tmdlHdmiCEC.c: In function 'tmdlHdmiCecGetInitiatorAddress':
../src/tmdlHdmiCEC.c:895:37: warning: variable 'pDis' set but not used [-Wunused-but-set-variable]
     tmdlHdmiCecDriverConfigTable_t *pDis;           /* Pointer to Device Instance Structure */
                                     ^~~~
In file included from ../src/tmdlHdmiCEC_IW.h:49:0,
                 from ../src/tmdlHdmiCEC.c:50:
../src/tmdlHdmiCEC.c: In function 'tmdlHdmiCecSetLogicalAddress':
../src/tmdlHdmiCEC.c:970:23: warning: too many arguments for format [-Wformat-extra-args]
             PRNT_ARGS("CEC: Set device %s logical address %d\n",
                       ^
../src/tmNxTypes.h:390:53: note: in definition of macro 'PRNT_ARGS'
 #define PRNT_ARGS(format, args ...) PRNT_FX(stderr, format, args)
                                                     ^~~~~~
../src/tmdlHdmiCEC.c:979:23: warning: too many arguments for format [-Wformat-extra-args]
             PRNT_ARGS("CEC: Set device %s logical address %d\n",
                       ^
../src/tmNxTypes.h:390:53: note: in definition of macro 'PRNT_ARGS'
 #define PRNT_ARGS(format, args ...) PRNT_FX(stderr, format, args)
                                                     ^~~~~~
../src/tmdlHdmiCEC.c: In function 'tmdlHdmiCecEnableCalibration':
../src/tmdlHdmiCEC.c:7889:37: warning: variable 'pDis' set but not used [-Wunused-but-set-variable]
     tmdlHdmiCecDriverConfigTable_t *pDis;
                                     ^~~~
'Finished building: ../src/tmdlHdmiCEC.c'
' '
'Building file: ../src/tmdlHdmiCEC_IW.c'
'Invoking: ARM v7 Linux gcc compiler'
arm-linux-gnueabihf-gcc -DTMFL_OS_LINUX_USER -DCONST_DAT=const -DRAM_DAT=volatile -DDEBUG_INFO -DTMFL_NO_RTOS -DTMFL_CEC_AVAILABLE -DTMFL_TDA19989 -Wall -O0 -g3 -c -fmessage-length=0 -MT"src/tmdlHdmiCEC_IW.o" -MMD -MP -MF"src/tmdlHdmiCEC_IW.d" -MT"src/tmdlHdmiCEC_IW.o" -o "src/tmdlHdmiCEC_IW.o" "../src/tmdlHdmiCEC_IW.c"
../src/tmdlHdmiCEC_IW.c: In function 'tmdlHdmiCecIWTaskStart':
../src/tmdlHdmiCEC_IW.c:281:6: warning: variable 'rc' set but not used [-Wunused-but-set-variable]
  int rc;
      ^~
../src/tmdlHdmiCEC_IW.c: In function 'tmdlHdmiCecIWQueueDestroy':
../src/tmdlHdmiCEC_IW.c:413:15: warning: type of 'handle' defaults to 'int' [-Wimplicit-int]
 tmErrorCode_t tmdlHdmiCecIWQueueDestroy( handle)
               ^~~~~~~~~~~~~~~~~~~~~~~~~
'Finished building: ../src/tmdlHdmiCEC_IW.c'
' '
'Building file: ../src/tmdlHdmiCEC_cfg.c'
'Invoking: ARM v7 Linux gcc compiler'
arm-linux-gnueabihf-gcc -DTMFL_OS_LINUX_USER -DCONST_DAT=const -DRAM_DAT=volatile -DDEBUG_INFO -DTMFL_NO_RTOS -DTMFL_CEC_AVAILABLE -DTMFL_TDA19989 -Wall -O0 -g3 -c -fmessage-length=0 -MT"src/tmdlHdmiCEC_cfg.o" -MMD -MP -MF"src/tmdlHdmiCEC_cfg.d" -MT"src/tmdlHdmiCEC_cfg.o" -o "src/tmdlHdmiCEC_cfg.o" "../src/tmdlHdmiCEC_cfg.c"
'Finished building: ../src/tmdlHdmiCEC_cfg.c'
' '
'Building file: ../src/tmdlHdmiCEC_local.c'
'Invoking: ARM v7 Linux gcc compiler'
arm-linux-gnueabihf-gcc -DTMFL_OS_LINUX_USER -DCONST_DAT=const -DRAM_DAT=volatile -DDEBUG_INFO -DTMFL_NO_RTOS -DTMFL_CEC_AVAILABLE -DTMFL_TDA19989 -Wall -O0 -g3 -c -fmessage-length=0 -MT"src/tmdlHdmiCEC_local.o" -MMD -MP -MF"src/tmdlHdmiCEC_local.d" -MT"src/tmdlHdmiCEC_local.o" -o "src/tmdlHdmiCEC_local.o" "../src/tmdlHdmiCEC_local.c"
'Finished building: ../src/tmdlHdmiCEC_local.c'
' '
'Building file: ../src/tmdlHdmiTx.c'
'Invoking: ARM v7 Linux gcc compiler'
arm-linux-gnueabihf-gcc -DTMFL_OS_LINUX_USER -DCONST_DAT=const -DRAM_DAT=volatile -DDEBUG_INFO -DTMFL_NO_RTOS -DTMFL_CEC_AVAILABLE -DTMFL_TDA19989 -Wall -O0 -g3 -c -fmessage-length=0 -MT"src/tmdlHdmiTx.o" -MMD -MP -MF"src/tmdlHdmiTx.d" -MT"src/tmdlHdmiTx.o" -o "src/tmdlHdmiTx.o" "../src/tmdlHdmiTx.c"
../src/tmdlHdmiTx.c: In function 'tmdlHdmiTxSetInputOutput':
../src/tmdlHdmiTx.c:1923:36: warning: comparison between 'tmdlHdmiTxPixRate_t {aka enum <anonymous>}' and 'enum <anonymous>' [-Wenum-compare]
     if (videoInputConfig.pixelRate == HDMITX_PIXRATE_SINGLE_REPEATED)
                                    ^~
../src/tmdlHdmiTx.c:1929:39: warning: comparison between 'tmdlHdmiTx3DStructure_t {aka enum <anonymous>}' and 'enum <anonymous>' [-Wenum-compare]
     if ((videoInputConfig.structure3D != HDMITX_3D_FRAME_PACKING) &&
                                       ^~
../src/tmdlHdmiTx.c: In function 'dlHdmiTxGetReflineRefpix':
../src/tmdlHdmiTx.c:4987:22: warning: comparison between 'tmdlHdmiTxVidFmt_t {aka enum <anonymous>}' and 'enum <anonymous>' [-Wenum-compare]
         || ((voutFmt >= HDMITX_VFMT_35_2880x480p_60Hz) && (voutFmt <= HDMITX_VFMT_38_2880x576p_50Hz)))
                      ^~
../src/tmdlHdmiTx.c:4987:68: warning: comparison between 'tmdlHdmiTxVidFmt_t {aka enum <anonymous>}' and 'enum <anonymous>' [-Wenum-compare]
         || ((voutFmt >= HDMITX_VFMT_35_2880x480p_60Hz) && (voutFmt <= HDMITX_VFMT_38_2880x576p_50Hz)))
                                                                    ^~
'Finished building: ../src/tmdlHdmiTx.c'
' '
'Building file: ../src/tmdlHdmiTx_IW.c'
'Invoking: ARM v7 Linux gcc compiler'
arm-linux-gnueabihf-gcc -DTMFL_OS_LINUX_USER -DCONST_DAT=const -DRAM_DAT=volatile -DDEBUG_INFO -DTMFL_NO_RTOS -DTMFL_CEC_AVAILABLE -DTMFL_TDA19989 -Wall -O0 -g3 -c -fmessage-length=0 -MT"src/tmdlHdmiTx_IW.o" -MMD -MP -MF"src/tmdlHdmiTx_IW.d" -MT"src/tmdlHdmiTx_IW.o" -o "src/tmdlHdmiTx_IW.o" "../src/tmdlHdmiTx_IW.c"
../src/tmdlHdmiTx_IW.c: In function 'tmdlHdmiTxIWTaskStart':
../src/tmdlHdmiTx_IW.c:269:6: warning: variable 'rc' set but not used [-Wunused-but-set-variable]
  int rc;
      ^~
'Finished building: ../src/tmdlHdmiTx_IW.c'
' '
'Building file: ../src/tmdlHdmiTx_cfg.c'
'Invoking: ARM v7 Linux gcc compiler'
arm-linux-gnueabihf-gcc -DTMFL_OS_LINUX_USER -DCONST_DAT=const -DRAM_DAT=volatile -DDEBUG_INFO -DTMFL_NO_RTOS -DTMFL_CEC_AVAILABLE -DTMFL_TDA19989 -Wall -O0 -g3 -c -fmessage-length=0 -MT"src/tmdlHdmiTx_cfg.o" -MMD -MP -MF"src/tmdlHdmiTx_cfg.d" -MT"src/tmdlHdmiTx_cfg.o" -o "src/tmdlHdmiTx_cfg.o" "../src/tmdlHdmiTx_cfg.c"
'Finished building: ../src/tmdlHdmiTx_cfg.c'
' '
'Building file: ../src/tmdlHdmiTx_local.c'
'Invoking: ARM v7 Linux gcc compiler'
arm-linux-gnueabihf-gcc -DTMFL_OS_LINUX_USER -DCONST_DAT=const -DRAM_DAT=volatile -DDEBUG_INFO -DTMFL_NO_RTOS -DTMFL_CEC_AVAILABLE -DTMFL_TDA19989 -Wall -O0 -g3 -c -fmessage-length=0 -MT"src/tmdlHdmiTx_local.o" -MMD -MP -MF"src/tmdlHdmiTx_local.d" -MT"src/tmdlHdmiTx_local.o" -o "src/tmdlHdmiTx_local.o" "../src/tmdlHdmiTx_local.c"
'Finished building: ../src/tmdlHdmiTx_local.c'
' '
'Building file: ../src/video_sources.c'
'Invoking: ARM v7 Linux gcc compiler'
arm-linux-gnueabihf-gcc -DTMFL_OS_LINUX_USER -DCONST_DAT=const -DRAM_DAT=volatile -DDEBUG_INFO -DTMFL_NO_RTOS -DTMFL_CEC_AVAILABLE -DTMFL_TDA19989 -Wall -O0 -g3 -c -fmessage-length=0 -MT"src/video_sources.o" -MMD -MP -MF"src/video_sources.d" -MT"src/video_sources.o" -o "src/video_sources.o" "../src/video_sources.c"
'Finished building: ../src/video_sources.c'
' '
'Building target: hw_tester_linux.elf'
'Invoking: ARM v7 Linux gcc linker'
arm-linux-gnueabihf-gcc  -o "hw_tester_linux.elf"  ./src/audio.o ./src/gs2971.o ./src/hdmi_rx.o ./src/i2c.o ./src/is31fl373x.o ./src/led_display.o ./src/main.o ./src/sdi_rx.o ./src/spi.o ./src/stream_ctrl.o ./src/tda1997x.o ./src/tda998x.o ./src/tlv320aic3104.o ./src/tmbslTDA9989_Edid.o ./src/tmbslTDA9989_HDCP.o ./src/tmbslTDA9989_InOut.o ./src/tmbslTDA9989_Misc.o ./src/tmbslTDA9989_State.o ./src/tmbslTDA9989_local.o ./src/tmdlHdmiCEC.o ./src/tmdlHdmiCEC_IW.o ./src/tmdlHdmiCEC_cfg.o ./src/tmdlHdmiCEC_local.o ./src/tmdlHdmiTx.o ./src/tmdlHdmiTx_IW.o ./src/tmdlHdmiTx_cfg.o ./src/tmdlHdmiTx_local.o ./src/video_sources.o   -lrt -lpthread
'Finished building target: hw_tester_linux.elf'
' '
'Invoking: ARM v7 Linux Print Size'
arm-linux-gnueabihf-size hw_tester_linux.elf  |tee "hw_tester_linux.elf.size"
   text	   data	    bss	    dec	    hex	filename
 203471	   3296	   4712	 211479	  33a17	hw_tester_linux.elf
'Finished building: hw_tester_linux.elf.size'
' '

20:25:08 Build Finished (took 23s.357ms)

